---
http_interactions:
- request:
    method: post
    uri: https://api.github.com/repos/theodi/useless-gem/git/refs?access_token=<GITHUB_OUATH_TOKEN>
    body:
      encoding: UTF-8
      string: '{"ref":"refs/tags/9.1.7","sha":"5c0f9870359e7a290ced48836ec4edde3c536490"}'
    headers:
      Accept:
      - application/vnd.github.v3+json,application/vnd.github.beta+json;q=0.5,application/json;q=0.1
      Accept-Charset:
      - utf-8
      User-Agent:
      - Github API Ruby Gem 0.13.1
      Content-Type:
      - application/json
      Authorization:
      - token <GITHUB_OUATH_TOKEN>
      Accept-Encoding:
      - gzip;q=1.0,deflate;q=0.6,identity;q=0.3
  response:
    status:
      code: 201
      message: Created
    headers:
      Server:
      - GitHub.com
      Date:
      - Wed, 09 Mar 2016 15:55:29 GMT
      Content-Type:
      - application/json; charset=utf-8
      Content-Length:
      - '286'
      Status:
      - 201 Created
      X-Ratelimit-Limit:
      - '5000'
      X-Ratelimit-Remaining:
      - '4749'
      X-Ratelimit-Reset:
      - '1457539333'
      Cache-Control:
      - private, max-age=60, s-maxage=60
      Vary:
      - Accept, Authorization, Cookie, X-GitHub-OTP
      - Accept-Encoding
      Etag:
      - '"9b39dc5f4957d92d1c3c379f33d697a6"'
      X-Oauth-Scopes:
      - repo
      X-Accepted-Oauth-Scopes:
      - ''
      Location:
      - https://api.github.com/repos/theodi/useless-gem/git/refs/tags/9.1.7
      X-Github-Media-Type:
      - github.v3; format=json
      Access-Control-Expose-Headers:
      - ETag, Link, X-GitHub-OTP, X-RateLimit-Limit, X-RateLimit-Remaining, X-RateLimit-Reset,
        X-OAuth-Scopes, X-Accepted-OAuth-Scopes, X-Poll-Interval
      Access-Control-Allow-Origin:
      - "*"
      Content-Security-Policy:
      - default-src 'none'
      Strict-Transport-Security:
      - max-age=31536000; includeSubdomains; preload
      X-Content-Type-Options:
      - nosniff
      X-Frame-Options:
      - deny
      X-Xss-Protection:
      - 1; mode=block
      X-Served-By:
      - 4c8b2d4732c413f4b9aefe394bd65569
      X-Github-Request-Id:
      - 56A82ED1:10E9E:6C4D62C:56E04770
    body:
      encoding: UTF-8
      string: '{"ref":"refs/tags/9.1.7","url":"https://api.github.com/repos/theodi/useless-gem/git/refs/tags/9.1.7","object":{"sha":"5c0f9870359e7a290ced48836ec4edde3c536490","type":"commit","url":"https://api.github.com/repos/theodi/useless-gem/git/commits/5c0f9870359e7a290ced48836ec4edde3c536490"}}'
    http_version: 
  recorded_at: Wed, 09 Mar 2016 15:55:29 GMT
- request:
    method: post
    uri: https://api.github.com/repos/theodi/useless-gem/git/refs?access_token=<GITHUB_OUATH_TOKEN>
    body:
      encoding: UTF-8
      string: '{"ref":"refs/tags/9.1.7","sha":"5c0f9870359e7a290ced48836ec4edde3c536490"}'
    headers:
      Accept:
      - application/vnd.github.v3+json,application/vnd.github.beta+json;q=0.5,application/json;q=0.1
      Accept-Charset:
      - utf-8
      User-Agent:
      - Github API Ruby Gem 0.13.1
      Content-Type:
      - application/json
      Authorization:
      - token <GITHUB_OUATH_TOKEN>
      Accept-Encoding:
      - gzip;q=1.0,deflate;q=0.6,identity;q=0.3
  response:
    status:
      code: 422
      message: Unprocessable Entity
    headers:
      Server:
      - GitHub.com
      Date:
      - Wed, 09 Mar 2016 15:55:29 GMT
      Content-Type:
      - application/json; charset=utf-8
      Content-Length:
      - '121'
      Status:
      - 422 Unprocessable Entity
      X-Ratelimit-Limit:
      - '5000'
      X-Ratelimit-Remaining:
      - '4748'
      X-Ratelimit-Reset:
      - '1457539333'
      X-Oauth-Scopes:
      - repo
      X-Accepted-Oauth-Scopes:
      - ''
      X-Github-Media-Type:
      - github.v3; format=json
      Access-Control-Expose-Headers:
      - ETag, Link, X-GitHub-OTP, X-RateLimit-Limit, X-RateLimit-Remaining, X-RateLimit-Reset,
        X-OAuth-Scopes, X-Accepted-OAuth-Scopes, X-Poll-Interval
      Access-Control-Allow-Origin:
      - "*"
      Content-Security-Policy:
      - default-src 'none'
      Strict-Transport-Security:
      - max-age=31536000; includeSubdomains; preload
      X-Content-Type-Options:
      - nosniff
      X-Frame-Options:
      - deny
      X-Xss-Protection:
      - 1; mode=block
      X-Github-Request-Id:
      - 56A82ED1:10E9D:55337E7:56E04771
    body:
      encoding: UTF-8
      string: '{"message":"Reference already exists","documentation_url":"https://developer.github.com/v3/git/refs/#create-a-reference"}'
    http_version: 
  recorded_at: Wed, 09 Mar 2016 15:55:29 GMT
- request:
    method: delete
    uri: https://api.github.com/repos/theodi/useless-gem/git/refs/tags/9.1.7?access_token=<GITHUB_OUATH_TOKEN>
    body:
      encoding: US-ASCII
      string: ''
    headers:
      Accept:
      - application/vnd.github.v3+json,application/vnd.github.beta+json;q=0.5,application/json;q=0.1
      Accept-Charset:
      - utf-8
      User-Agent:
      - Github API Ruby Gem 0.13.1
      Authorization:
      - token <GITHUB_OUATH_TOKEN>
      Accept-Encoding:
      - gzip;q=1.0,deflate;q=0.6,identity;q=0.3
  response:
    status:
      code: 204
      message: No Content
    headers:
      Server:
      - GitHub.com
      Date:
      - Wed, 09 Mar 2016 15:55:30 GMT
      Status:
      - 204 No Content
      X-Ratelimit-Limit:
      - '5000'
      X-Ratelimit-Remaining:
      - '4747'
      X-Ratelimit-Reset:
      - '1457539333'
      X-Oauth-Scopes:
      - repo
      X-Accepted-Oauth-Scopes:
      - ''
      X-Github-Media-Type:
      - github.v3; format=json
      Access-Control-Expose-Headers:
      - ETag, Link, X-GitHub-OTP, X-RateLimit-Limit, X-RateLimit-Remaining, X-RateLimit-Reset,
        X-OAuth-Scopes, X-Accepted-OAuth-Scopes, X-Poll-Interval
      Access-Control-Allow-Origin:
      - "*"
      Content-Security-Policy:
      - default-src 'none'
      Strict-Transport-Security:
      - max-age=31536000; includeSubdomains; preload
      X-Content-Type-Options:
      - nosniff
      X-Frame-Options:
      - deny
      X-Xss-Protection:
      - 1; mode=block
      Vary:
      - Accept-Encoding
      X-Served-By:
      - a6882e5cd2513376cb9481dbcd83f3a2
      X-Github-Request-Id:
      - 56A82ED1:10E9D:553384F:56E04771
    body:
      encoding: UTF-8
      string: ''
    http_version: 
  recorded_at: Wed, 09 Mar 2016 15:55:30 GMT
recorded_with: VCR 3.0.1
